# Настройка PostgreSQL
## Cоздайте виртуальную машину c Ubuntu 20.04 LTS (bionic) в GCE типа e2-medium в default VPC в любом регионе и зоне, например us-central1-a или ЯО/VirtualBox:
Создан хост в ЯО со след параметрами:
- OS: Ubuntu 24.04
- vCPU: 2
- RAM: 2 ГБ
- Объём дискового пространства: 10 ГБ
- Публичный адрес
## Поставьте на нее PostgreSQL 15 через sudo apt
    sudo apt install postgresql
    output is skipped, installed postgres 16
## Проверьте что кластер запущен через sudo -u postgres pg_lsclusters
    nick@compute-vm-2-2-10-hdd-1732542247611:~$ sudo -u postgres pg_lsclusters
    Ver Cluster Port Status Owner    Data directory              Log file
    16  main    5432 online postgres /var/lib/postgresql/16/main /var/log/postgresql/postgresql-16-main.log
## Зайдите из под пользователя postgres в psql и сделайте произвольную таблицу с произвольным содержимым

    nick@compute-vm-2-2-10-hdd-1732542247611:~$ sudo -u postgres psql 
    psql (16.4 (Ubuntu 16.4-0ubuntu0.24.04.2))
    Type "help" for help.

    postgres=# create table test(c1 text);
    CREATE TABLE
    postgres=# insert into test values('1');
    INSERT 0 1
    postgres=# \q
    nick@compute-vm-2-2-10-hdd-1732542247611:~$
## Остановите postgres например через sudo -u postgres pg_ctlcluster 15 main stop:
    nick@compute-vm-2-2-10-hdd-1732542247611:~$ sudo -u postgres pg_ctlcluster 16 main stop
    Warning: stopping the cluster using pg_ctlcluster will mark the systemd unit as failed. Consider using systemctl:
        sudo systemctl stop postgresql@16-main
    nick@compute-vm-2-2-10-hdd-1732542247611:~$ sudo -u postgres pg_lsclusters
    Ver Cluster Port Status Owner    Data directory              Log file
    16  main    5432 down   postgres /var/lib/postgresql/16/main /var/log/postgresql/postgresql-16-main.log

    nick@compute-vm-2-2-10-hdd-1732542247611:~$ sudo systemctl stop postgresql@16-main

    nick@compute-vm-2-2-10-hdd-1732542247611:~$ sudo -u postgres pg_lsclusters
    Ver Cluster Port Status Owner    Data directory              Log file
    16  main    5432 down   postgres /var/lib/postgresql/16/main /var/log/postgresql/postgresql-16-main.log
## Создайте новый standard persistent диск GKE через Compute Engine -> Disks в том же регионе и зоне что GCE инстанс размером например 10GB - или аналог в другом облаке/виртуализации
Создан и присоединен новый диск в ЯО со следующими параметрами:
- Наполнение: Пустой
- Тип: HDD
- Размер: 5 ГБ
- Размер блока, КБ: 4
## Проинициализируйте диск согласно инструкции и подмонтировать файловую систему
    nick@compute-vm-2-2-10-hdd-1732542247611:~$ sudo parted -l | grep Error
    Error: /dev/vdb: unrecognised disk label
    nick@compute-vm-2-2-10-hdd-1732542247611:~$ lsblk
    NAME   MAJ:MIN RM SIZE RO TYPE MOUNTPOINTS
    vda    253:0    0  10G  0 disk 
    ├─vda1 253:1    0   1M  0 part 
    └─vda2 253:2    0  10G  0 part /
    vdb    253:16   0   5G  0 disk 
    nick@compute-vm-2-2-10-hdd-1732542247611:~$ sudo parted /dev/vd
    vda   vda1  vda2  vdb   
    nick@compute-vm-2-2-10-hdd-1732542247611:~$ sudo parted /dev/vd
    vda   vda1  vda2  vdb   
    nick@compute-vm-2-2-10-hdd-1732542247611:~$ sudo parted /dev/vdb mklabel gpt
    Information: You may need to update /etc/fstab.
    
    nick@compute-vm-2-2-10-hdd-1732542247611:~$ nano /etc/fstab               
    nick@compute-vm-2-2-10-hdd-1732542247611:~$ sudo parted -a opt /dev/vdb mkpart primary ext4 0% 100%
    Information: You may need to update /etc/fstab.
    
    nick@compute-vm-2-2-10-hdd-1732542247611:~$ lsblk
    NAME   MAJ:MIN RM SIZE RO TYPE MOUNTPOINTS
    vda    253:0    0  10G  0 disk 
    ├─vda1 253:1    0   1M  0 part 
    └─vda2 253:2    0  10G  0 part /
    vdb    253:16   0   5G  0 disk 
    └─vdb1 253:17   0   5G  0 part 
    nick@compute-vm-2-2-10-hdd-1732542247611:~$ sudo mkf
    mkfifo       mkfs         mkfs.bfs     mkfs.btrfs   mkfs.cramfs  mkfs.ext2    mkfs.ext3    mkfs.ext4    mkfs.fat     mkfs.minix   mkfs.msdos   mkfs.ntfs    mkfs.vfat    mkfs.xfs     
    nick@compute-vm-2-2-10-hdd-1732542247611:~$ sudo mkfs.ext4 -L datapartition /dev/vd
    vda   vda1  vda2  vdb   vdb1  
    nick@compute-vm-2-2-10-hdd-1732542247611:~$ sudo mkfs.ext4 -L datapartition /dev/vd
    vda   vda1  vda2  vdb   vdb1  
    nick@compute-vm-2-2-10-hdd-1732542247611:~$ sudo mkfs.ext4 -L datapartition /dev/vdb1 
    mke2fs 1.47.0 (5-Feb-2023)
    Creating filesystem with 1310208 4k blocks and 327680 inodes
    Filesystem UUID: caca7b77-d0f6-4d17-ae27-e021c5cab9bc
    Superblock backups stored on blocks: 
    32768, 98304, 163840, 229376, 294912, 819200, 884736
    
    Allocating group tables: done                            
    Writing inode tables: done                            
    Creating journal (16384 blocks): done
    Writing superblocks and filesystem accounting information: done 
    
    nick@compute-vm-2-2-10-hdd-1732542247611:~$ sudo lsblk --fs
    NAME   FSTYPE FSVER LABEL         UUID                                 FSAVAIL FSUSE% MOUNTPOINTS
    vda                                                                                   
    ├─vda1                                                                                
    └─vda2 ext4   1.0                 9ca38502-006d-4f2a-89e1-4c5147e69837    6.2G    32% /
    vdb                                                                                   
    └─vdb1 ext4   1.0   datapartition caca7b77-d0f6-4d17-ae27-e021c5cab9bc                
    nick@compute-vm-2-2-10-hdd-1732542247611:~$ sudo mkdir -p /mnt/data
    nick@compute-vm-2-2-10-hdd-1732542247611:~$ sudo mount -o defaults /dev/vdb
    vdb   vdb1  
    nick@compute-vm-2-2-10-hdd-1732542247611:~$ sudo mount -o defaults /dev/vdb
    vdb   vdb1  
    nick@compute-vm-2-2-10-hdd-1732542247611:~$ sudo mount -o defaults /dev/vdb1 /mnt/data
    nick@compute-vm-2-2-10-hdd-1732542247611:~$ sudo nano /etc/fstab 
    # Add row LABEL=datapartition /mnt/data ext4 defaults 0 2
    nick@compute-vm-2-2-10-hdd-1732542247611:~$ sudo mount -a
    nick@compute-vm-2-2-10-hdd-1732542247611:~$ df -h -x tmpfs
    Filesystem      Size  Used Avail Use% Mounted on
    /dev/vda2       9.8G  3.2G  6.2G  34% /
    /dev/vdb1       4.9G   24K  4.6G   1% /mnt/data
    nick@compute-vm-2-2-10-hdd-1732542247611:~$ echo "success" | sudo tee /mnt/data/test_file
    success
    nick@compute-vm-2-2-10-hdd-1732542247611:~$ cat /mnt/data/test_file
    success

## Перезагрузите инстанс и убедитесь, что диск остается примонтированным
    nick@compute-vm-2-2-10-hdd-1732542247611:~$ sudo reboot

    Broadcast message from root@compute-vm-2-2-10-hdd-1732542247611 on pts/1 (Mon 2024-11-25 14:28:19 UTC):

    The system will reboot now!
    nick@compute-vm-2-2-10-hdd-1732542247611:~$ cat /mnt/data/test_file
    success

## Сделайте пользователя postgres владельцем /mnt/data
    nick@compute-vm-2-2-10-hdd-1732542247611:~$ sudo chown -R postgres:postgres /mnt/data/
## Перенесите содержимое /var/lib/postgresql/15 в /mnt/data
    nick@compute-vm-2-2-10-hdd-1732542247611:~$ sudo mv /var/lib/postgresql/16 /mnt/data
## Попытайтесь запустить кластер - sudo -u postgres pg_ctlcluster 15 main start
    nick@compute-vm-2-2-10-hdd-1732542247611:~$ sudo -u postgres pg_ctlcluster 16 main start
    Error: /var/lib/postgresql/16/main is not accessible or does not exist
## Напишите получилось или нет и почему
> Нет, т.к. данные были перенесены в другую папку, но не был изменен data_directory в postgresql.conf
## Задание: найти конфигурационный параметр в файлах раположенных в /etc/postgresql/14/main который надо поменять и поменяйте его
    nick@compute-vm-2-2-10-hdd-1732542247611:~$ sudo find / -name postgresql.conf
    /etc/postgresql/16/main/postgresql.conf

    nick@compute-vm-2-2-10-hdd-1732542247611:~$ sudo cat /etc/postgresql/16/main/postgresql.conf | grep data_directory
    data_directory = '/var/lib/postgresql/16/main'		# use data in another directory
    sudo nano /etc/postgresql/16/main/postgresql.conf
    changes: data_directory = '/mnt/data/16/main'
    save and exit
## Напишите что и почему поменяли
> Поменял параметр data_directory т.к. он отвечает за папку, в которой хранятся данные БД
## Попытайтесь запустить кластер - sudo -u postgres pg_ctlcluster 15 main start
    nick@compute-vm-2-2-10-hdd-1732542247611:~$ sudo -u postgres pg_ctlcluster 16 main start
    Warning: the cluster will not be running as a systemd service. Consider using systemctl:
        sudo systemctl start postgresql@16-main
    Removed stale pid file.
    nick@compute-vm-2-2-10-hdd-1732542247611:~$ sudo -u postgres pg_lsclusters
    Ver Cluster Port Status Owner    Data directory    Log file
    16  main    5432 online postgres /mnt/data/16/main /var/log/postgresql/postgresql-16-main.log
## Напишите получилось или нет и почему
> Да, т.к. указан корректный параметр data_directory
## Зайдите через через psql и проверьте содержимое ранее созданной таблицы
    nick@compute-vm-2-2-10-hdd-1732542247611:~$ sudo -u postgres psql 
    psql (16.4 (Ubuntu 16.4-0ubuntu0.24.04.2))
    Type "help" for help.
    
    postgres=# select * from test;
    c1 
    ----
    1
    (1 row)

## Трудности, с которыми столкнулся:
Инструкция, указанная в ДЗ ( https://www.digitalocean.com/community/tutorials/how-to-partition-and-format-storage-devices-in-linux) недоступна без ВПН
